// Jest Snapshot v1, https://goo.gl/fbAQLP

exports[`Badge creates snapshot 1`] = `
<DocumentFragment>
  <div
    class="mx-auto px-2 text-center badge"
  >
    <button
      aria-label="Go from summary to section: repo"
      class="btn btn-link text-dark fw-bold p-0 text-decoration-none btn"
    >
      80
    </button>
  </div>
</DocumentFragment>
`;
