// Vitest Snapshot v1, https://vitest.dev/guide/snapshot.html

exports[`RepositoryReportModal > creates snapshot 1`] = `
<DocumentFragment>
  <div>
    <div
      class="modal-backdrop Modal-module_activeBackdrop__FOECF"
      data-testid="modalBackdrop"
    />
    <div
      aria-modal="true"
      class="modal Modal-module_modal__aD7aP Modal-module_active__tFp3m d-block"
      role="dialog"
    >
      <div
        class="modal-dialog modal-xl modal-dialog-centered modal-dialog-scrollable _modalDialog_b40873"
      >
        <div
          class="modal-content rounded-0 border border-3 mx-auto Modal-module_content__dWO-B _modalContent_b40873"
        >
          <div
            class="modal-header rounded-0 d-flex flex-row align-items-center Modal-module_header__ILG9i"
          >
            <div
              class="modal-title h5 m-2 flex-grow-1"
            >
              Repository report
            </div>
            <button
              aria-label="Close"
              class="btn-close"
              type="button"
            />
          </div>
          <div
            class="modal-body p-4 h-100 d-flex flex-column"
          >
            <div
              class="border border-1 overflow-auto h-100 mw-100"
            >
              <div
                class="position-relative h-100 mh-100 _syntaxWrapper_b40873"
              >
                <div
                  class="position-absolute d-flex flex-row BlockCodeButtons-module_wrapper__LQNzn mt-2"
                >
                  <div
                    class="position-relative me-2"
                  >
                    <button
                      aria-label="Copy to clipboard"
                      class="btn btn-sm btn-primary rounded-0 ButtonCopyToClipboard-module_btn__kHG6G"
                      type="button"
                    >
                      <div
                        aria-hidden="true"
                        class="d-flex flex-row align-items-center"
                      >
                        <svg
                          fill="none"
                          height="1em"
                          stroke="currentColor"
                          stroke-linecap="round"
                          stroke-linejoin="round"
                          stroke-width="2"
                          viewBox="0 0 24 24"
                          width="1em"
                          xmlns="http://www.w3.org/2000/svg"
                        >
                          <rect
                            height="13"
                            rx="2"
                            ry="2"
                            width="13"
                            x="9"
                            y="9"
                          />
                          <path
                            d="M5 15H4a2 2 0 0 1-2-2V4a2 2 0 0 1 2-2h9a2 2 0 0 1 2 2v1"
                          />
                        </svg>
                      </div>
                    </button>
                  </div>
                </div>
                <div
                  class="d-flex flex-row align-items-center pb-2 _codeBlock_c6e1ed"
                  data-testid="code"
                >
                  <pre
                    class="mb-0 flex-grow-1"
                    style="background-color: var(--bg-code); color: var(--color-font); padding: 1rem; margin-bottom: 0px; flex: 1 1 auto; white-space: pre-wrap; word-break: break-word; overscroll-behavior: contain; width: 100%; height: 100%; font-size: 0.8rem;"
                  >
                    ## CLOMonitor report

### Summary

**Repository**: artifact-hub
**URL**: https://github.com/artifacthub/hub
**Checks sets**:  \`COMMUNITY\` + \`CODE\`
**Score**: 95

### Checks passed per category

| Category  |  Score  |
| :----------------- | --------: |
|  Documentation  |  87%  |
|  License  |  100%  |
|  Best Practices  |  95%  |
|  Security  |  100%  |
|  Legal  |  100%  |

## Checks

### Documentation [87%]

  - [x] [Adopters](https://github.com/artifacthub/hub/blob/master/ADOPTERS.md) ([_docs_](https://clomonitor.io/docs/topics/checks/#adopters))
  - [x] Changelog ([_docs_](https://clomonitor.io/docs/topics/checks/#changelog))
  - [x] [Code of conduct](https://github.com/artifacthub/hub/blob/master/code-of-conduct.md) ([_docs_](https://clomonitor.io/docs/topics/checks/#code-of-conduct))
  - [x] [Contributing](https://github.com/artifacthub/hub/blob/master/CONTRIBUTING.md) ([_docs_](https://clomonitor.io/docs/topics/checks/#contributing))
  - [ ] Governance ([_docs_](https://clomonitor.io/docs/topics/checks/#governance))
  - [x] [Maintainers](https://github.com/artifacthub/hub/blob/master/OWNERS) ([_docs_](https://clomonitor.io/docs/topics/checks/#maintainers))
  - [x] [Readme](https://github.com/artifacthub/hub/blob/master/README.md) ([_docs_](https://clomonitor.io/docs/topics/checks/#readme))
  - [ ] Roadmap ([_docs_](https://clomonitor.io/docs/topics/checks/#roadmap))
  - [x] [Website](https://artifacthub.io) ([_docs_](https://clomonitor.io/docs/topics/checks/#website))

### License [100%]

  - [x] Apache-2.0 ([_docs_](https://clomonitor.io/docs/topics/checks/#spdx-id))
  - [x] Approved license ([_docs_](https://clomonitor.io/docs/topics/checks/#approved-license))
  - [x] [License scanning](https://app.fossa.io/projects/git%2Bhttps%3A%2F%2Fgithub.com%2Fartifacthub%2Fhub?ref=badge_shield) ([_docs_](https://clomonitor.io/docs/topics/checks/#license-scanning))

### Best Practices [95%]

  - [ ] Analytics ([_docs_](https://clomonitor.io/docs/topics/checks/#analytics))
  - [x] [Artifact Hub badge](https://artifacthub.io/packages/helm/artifact-hub/artifact-hub) ([_docs_](https://clomonitor.io/docs/topics/checks/#artifact-hub-badge))
  - [x] Contributor License Agreement ([_docs_](https://clomonitor.io/docs/topics/checks/#contributor-license-agreement)) \`EXEMPT\`
  - [x] Community meeting ([_docs_](https://clomonitor.io/docs/topics/checks/#community-meeting))
  - [x] Developer Certificate of Origin ([_docs_](https://clomonitor.io/docs/topics/checks/#developer-certificate-of-origin))
  - [x] [Github discussions](https://github.com/artifacthub/hub/discussions/2621) ([_docs_](https://clomonitor.io/docs/topics/checks/#github-discussions))
  - [x] [OpenSSF badge](https://bestpractices.coreinfrastructure.org/projects/4106) ([_docs_](https://clomonitor.io/docs/topics/checks/#openssf-badge))
  - [x] [Recent release](https://github.com/artifacthub/hub/releases/tag/v1.11.0) ([_docs_](https://clomonitor.io/docs/topics/checks/#recent-release))
  - [x] Slack precense ([_docs_](https://clomonitor.io/docs/topics/checks/#slack-presence))

### Security [100%]

  - [x] Binary artifacts ([_docs_](https://clomonitor.io/docs/topics/checks/#binary-artifacts-from-openssf-scorecard))
  - [x] Code review ([_docs_](https://clomonitor.io/docs/topics/checks/#code-review-from-openssf-scorecard))
  - [x] Dangerous workflow ([_docs_](https://clomonitor.io/docs/topics/checks/#dangerous-workflow-from-openssf-scorecard))
  - [x] Dependency update tool ([_docs_](https://clomonitor.io/docs/topics/checks/#dependency-update-tool-from-openssf-scorecard))
  - [x] Maintained ([_docs_](https://clomonitor.io/docs/topics/checks/#maintained-from-openssf-scorecard))
  - [x] Software bill of materials (SBOM) ([_docs_](https://clomonitor.io/docs/topics/checks/#software-bill-of-materials-sbom))
  - [x] [Security policy](https://github.com/artifacthub/hub/blob/master/SECURITY.md) ([_docs_](https://clomonitor.io/docs/topics/checks/#security-policy))
  - [x] Signed releases ([_docs_](https://clomonitor.io/docs/topics/checks/#signed-releases-from-openssf-scorecard))
  - [x] Token permissions ([_docs_](https://clomonitor.io/docs/topics/checks/#token-permissions-from-openssf-scorecard))

### Legal [100%]

  - [x] Trademark disclaimer ([_docs_](https://clomonitor.io/docs/topics/checks/#trademark-disclaimer)) \`EXEMPT\`

For more information about the checks sets available and how each of the checks work, please see the [CLOMonitor's documentation](https://clomonitor.io/docs/topics/checks/).

                  </pre>
                </div>
              </div>
            </div>
          </div>
          <div
            class="modal-footer p-3"
          >
            <button
              aria-label="Close modal"
              class="btn btn-sm rounded-0 btn-secondary text-uppercase"
              type="button"
            >
              <div
                class="d-flex flex-row align-items-center"
              >
                <svg
                  class="me-2"
                  fill="currentColor"
                  height="1em"
                  stroke="currentColor"
                  stroke-width="0"
                  viewBox="0 0 24 24"
                  width="1em"
                  xmlns="http://www.w3.org/2000/svg"
                >
                  <path
                    d="M0 0h24v24H0z"
                    fill="none"
                  />
                  <path
                    d="M19 6.41 17.59 5 12 10.59 6.41 5 5 6.41 10.59 12 5 17.59 6.41 19 12 13.41 17.59 19 19 17.59 13.41 12z"
                  />
                </svg>
                <div>
                  Close
                </div>
              </div>
            </button>
          </div>
        </div>
      </div>
    </div>
  </div>
</DocumentFragment>
`;
