// Jest Snapshot v1, https://goo.gl/fbAQLP

exports[`OptionCell creates snapshot 1`] = `
<DocumentFragment>
  <table>
    <tbody>
      <tr>
        <td
          class="text-center iconCell"
        >
           
          <svg
            class="text-success icon"
            data-testid="success-icon"
            fill="currentColor"
            height="1em"
            stroke="currentColor"
            stroke-width="0"
            viewBox="0 0 512 512"
            width="1em"
            xmlns="http://www.w3.org/2000/svg"
          >
            <path
              d="M256 8C119.033 8 8 119.033 8 256s111.033 248 248 248 248-111.033 248-248S392.967 8 256 8zm0 48c110.532 0 200 89.451 200 200 0 110.532-89.451 200-200 200-110.532 0-200-89.451-200-200 0-110.532 89.451-200 200-200m140.204 130.267l-22.536-22.718c-4.667-4.705-12.265-4.736-16.97-.068L215.346 303.697l-59.792-60.277c-4.667-4.705-12.265-4.736-16.97-.069l-22.719 22.536c-4.705 4.667-4.736 12.265-.068 16.971l90.781 91.516c4.667 4.705 12.265 4.736 16.97.068l172.589-171.204c4.704-4.668 4.734-12.266.067-16.971z"
            />
          </svg>
        </td>
        <td
          class="pe-4"
        >
          <div
            class="d-table w-100 contentCell"
          >
            <div
              class="d-flex flex-row align-items-baseline align-items-md-center"
            >
              <div
                class="text-muted me-2"
              >
                <svg
                  fill="currentColor"
                  height="1em"
                  stroke="currentColor"
                  stroke-width="0"
                  version="1.1"
                  viewBox="0 0 16 16"
                  width="1em"
                  xmlns="http://www.w3.org/2000/svg"
                >
                  <path
                    d="M0 16h8v-16h-8v16zM5 2h2v2h-2v-2zM5 6h2v2h-2v-2zM5 10h2v2h-2v-2zM1 2h2v2h-2v-2zM1 6h2v2h-2v-2zM1 10h2v2h-2v-2zM9 5h7v1h-7zM9 16h2v-4h3v4h2v-9h-7z"
                  />
                </svg>
              </div>
              <div
                class="d-flex flex-column align-items-start flex-grow-1 truncateWrapper"
              >
                <div
                  class="d-flex flex-row align-items-center w-100 name"
                  data-testid="opt-name"
                >
                  <small
                    class="fw-bold text-truncate"
                  >
                    Adopters
                  </small>
                </div>
                <div
                  class="d-none d-md-flex flex-row text-muted w-100 legend"
                >
                  <div
                    class="text-truncate"
                  >
                    <span>
                      List of organizations using this project in production or at stages of testing
                    </span>
                  </div>
                  <div
                    class="d-none d-lg-flex text-nowrap"
                  >
                    <a
                      aria-label="Open external link"
                      class="link d-inline w-100 ms-1"
                      href="/docs/topics/checks/#adopters"
                      rel="noopener noreferrer"
                      tabindex="-1"
                      target="_blank"
                    >
                      <div
                        class="d-flex flex-row align-items-baseline"
                      >
                        <div
                          class="d-flex flex-row align-items-center w-100"
                        >
                          <div>
                            [check docs
                          </div>
                          <svg
                            class="ms-1 extraMiniIcon"
                            fill="none"
                            height="1em"
                            stroke="currentColor"
                            stroke-linecap="round"
                            stroke-linejoin="round"
                            stroke-width="2"
                            viewBox="0 0 24 24"
                            width="1em"
                            xmlns="http://www.w3.org/2000/svg"
                          >
                            <path
                              d="M18 13v6a2 2 0 0 1-2 2H5a2 2 0 0 1-2-2V8a2 2 0 0 1 2-2h6"
                            />
                            <polyline
                              points="15 3 21 3 21 9"
                            />
                            <line
                              x1="10"
                              x2="21"
                              y1="14"
                              y2="3"
                            />
                          </svg>
                          <div>
                            ]
                          </div>
                        </div>
                      </div>
                    </a>
                  </div>
                </div>
              </div>
            </div>
          </div>
        </td>
      </tr>
    </tbody>
  </table>
</DocumentFragment>
`;
