// Jest Snapshot v1, https://goo.gl/fbAQLP

exports[`ProgressBar creates snapshot 1`] = `
<DocumentFragment>
  <div
    class="d-flex flex-column"
  >
    <div
      class="d-flex flex-row align-items-center mb-1 mb-md-0 progressTitle"
    >
      <div
        class="me-2 position-relative icon"
      >
        icon
      </div>
      <div>
        Security
      </div>
    </div>
    <div
      class="d-flex flex-row mb-3 align-items-center"
    >
      <div
        class="flex-grow-1 progressbarWrapper"
      >
        <div
          class="progress rounded-0 progress"
        >
          <div
            class="progress-bar"
            role="progressbar"
            style="width: 75%;"
          />
        </div>
      </div>
      <div
        class="ps-1 ps-md-3 lh-1 text-end scoreWrapper"
      >
        <small
          class="fw-bold lightText"
        >
          75%
        </small>
      </div>
    </div>
  </div>
</DocumentFragment>
`;
