// Jest Snapshot v1, https://goo.gl/fbAQLP

exports[`AcceptedDateRange creates snapshot 1`] = `
<DocumentFragment>
  <div
    class="fw-bold text-uppercase text-primary categoryTitle"
  >
    <small>
      Accepted
    </small>
  </div>
  <div
    class="flex-column mb-4 mobileDateRange"
  >
    <div
      class="my-2"
    >
      <label
        class="form-label text-uppercase text-muted label"
        for="from"
      >
        From:
      </label>
      <input
        class="form-control form-control-sm rounded-0 input"
        id="from"
        max="2022-03-24"
        min="2016-01-01"
        type="date"
        value="2016-01-01"
      />
    </div>
    <div>
      <label
        class="form-label text-uppercase text-muted label"
        for="to"
      >
        To:
      </label>
      <input
        class="form-control form-control-sm rounded-0 input"
        id="to"
        max="2022-03-24"
        min="2016-01-01"
        type="date"
        value="2022-03-24"
      />
    </div>
  </div>
  <div
    class="mt-3 mb-4 desktopDateRange"
  >
    <div
      class="text-uppercase text-muted mb-1 legend"
    >
      From:
    </div>
    <button
      aria-label="Open calendar to choose date accepted_from"
      class="btn btn-sm btn-outline-secondary rounded-0 dateBtn"
    >
      Jan 1, 2016
    </button>
    <div
      class="dropdown dropdown-menu tooltipDropdown rounded-0 text-wrap mt-2 p-0"
      role="complementary"
    >
      <div
        class="arrow arrow"
      />
      <div
        class="rdrCalendarWrapper calendar"
      >
        <div
          class="rdrDateDisplayWrapper"
        />
        <div
          class="rdrMonthAndYearWrapper"
        >
          <button
            class="rdrNextPrevButton rdrPprevButton"
            type="button"
          >
            <i />
          </button>
          <span
            class="rdrMonthAndYearPickers"
          >
            <span
              class="rdrMonthPicker"
            >
              <select>
                <option
                  value="0"
                >
                  January
                </option>
                <option
                  value="1"
                >
                  February
                </option>
                <option
                  value="2"
                >
                  March
                </option>
                <option
                  value="3"
                >
                  April
                </option>
                <option
                  value="4"
                >
                  May
                </option>
                <option
                  value="5"
                >
                  June
                </option>
                <option
                  value="6"
                >
                  July
                </option>
                <option
                  value="7"
                >
                  August
                </option>
                <option
                  value="8"
                >
                  September
                </option>
                <option
                  value="9"
                >
                  October
                </option>
                <option
                  value="10"
                >
                  November
                </option>
                <option
                  value="11"
                >
                  December
                </option>
              </select>
            </span>
            <span />
            <span
              class="rdrYearPicker"
            >
              <select>
                <option
                  value="2022"
                >
                  2022
                </option>
                <option
                  value="2021"
                >
                  2021
                </option>
                <option
                  value="2020"
                >
                  2020
                </option>
                <option
                  value="2019"
                >
                  2019
                </option>
                <option
                  value="2018"
                >
                  2018
                </option>
                <option
                  value="2017"
                >
                  2017
                </option>
                <option
                  value="2016"
                >
                  2016
                </option>
              </select>
            </span>
          </span>
          <button
            class="rdrNextPrevButton rdrNextButton"
            type="button"
          >
            <i />
          </button>
        </div>
        <div
          class="rdrMonths rdrMonthsVertical"
        >
          <div
            class="rdrMonth"
          >
            <div
              class="rdrWeekDays"
            >
              <span
                class="rdrWeekDay"
              >
                Sun
              </span>
              <span
                class="rdrWeekDay"
              >
                Mon
              </span>
              <span
                class="rdrWeekDay"
              >
                Tue
              </span>
              <span
                class="rdrWeekDay"
              >
                Wed
              </span>
              <span
                class="rdrWeekDay"
              >
                Thu
              </span>
              <span
                class="rdrWeekDay"
              >
                Fri
              </span>
              <span
                class="rdrWeekDay"
              >
                Sat
              </span>
            </div>
            <div
              class="rdrDays"
            >
              <button
                class="rdrDay rdrDayPassive rdrDayDisabled rdrDayWeekend rdrDayStartOfWeek"
                style="color: rgb(61, 145, 255);"
                tabindex="-1"
                type="button"
              >
                <span
                  class="rdrDayNumber"
                >
                  <span>
                    27
                  </span>
                </span>
              </button>
              <button
                class="rdrDay rdrDayPassive rdrDayDisabled"
                style="color: rgb(61, 145, 255);"
                tabindex="-1"
                type="button"
              >
                <span
                  class="rdrDayNumber"
                >
                  <span>
                    28
                  </span>
                </span>
              </button>
              <button
                class="rdrDay rdrDayPassive rdrDayDisabled"
                style="color: rgb(61, 145, 255);"
                tabindex="-1"
                type="button"
              >
                <span
                  class="rdrDayNumber"
                >
                  <span>
                    29
                  </span>
                </span>
              </button>
              <button
                class="rdrDay rdrDayPassive rdrDayDisabled"
                style="color: rgb(61, 145, 255);"
                tabindex="-1"
                type="button"
              >
                <span
                  class="rdrDayNumber"
                >
                  <span>
                    30
                  </span>
                </span>
              </button>
              <button
                class="rdrDay rdrDayPassive rdrDayDisabled"
                style="color: rgb(61, 145, 255);"
                tabindex="-1"
                type="button"
              >
                <span
                  class="rdrDayNumber"
                >
                  <span>
                    31
                  </span>
                </span>
              </button>
              <button
                class="rdrDay rdrDayStartOfMonth"
                style="color: rgb(61, 145, 255);"
                type="button"
              >
                <span
                  class="rdrSelected"
                  style="color: rgb(61, 145, 255);"
                />
                <span
                  class="rdrDayNumber"
                >
                  <span>
                    1
                  </span>
                </span>
              </button>
              <button
                class="rdrDay rdrDayWeekend rdrDayEndOfWeek"
                style="color: rgb(61, 145, 255);"
                type="button"
              >
                <span
                  class="rdrDayNumber"
                >
                  <span>
                    2
                  </span>
                </span>
              </button>
              <button
                class="rdrDay rdrDayWeekend rdrDayStartOfWeek"
                style="color: rgb(61, 145, 255);"
                type="button"
              >
                <span
                  class="rdrDayNumber"
                >
                  <span>
                    3
                  </span>
                </span>
              </button>
              <button
                class="rdrDay"
                style="color: rgb(61, 145, 255);"
                type="button"
              >
                <span
                  class="rdrDayNumber"
                >
                  <span>
                    4
                  </span>
                </span>
              </button>
              <button
                class="rdrDay"
                style="color: rgb(61, 145, 255);"
                type="button"
              >
                <span
                  class="rdrDayNumber"
                >
                  <span>
                    5
                  </span>
                </span>
              </button>
              <button
                class="rdrDay"
                style="color: rgb(61, 145, 255);"
                type="button"
              >
                <span
                  class="rdrDayNumber"
                >
                  <span>
                    6
                  </span>
                </span>
              </button>
              <button
                class="rdrDay"
                style="color: rgb(61, 145, 255);"
                type="button"
              >
                <span
                  class="rdrDayNumber"
                >
                  <span>
                    7
                  </span>
                </span>
              </button>
              <button
                class="rdrDay"
                style="color: rgb(61, 145, 255);"
                type="button"
              >
                <span
                  class="rdrDayNumber"
                >
                  <span>
                    8
                  </span>
                </span>
              </button>
              <button
                class="rdrDay rdrDayWeekend rdrDayEndOfWeek"
                style="color: rgb(61, 145, 255);"
                type="button"
              >
                <span
                  class="rdrDayNumber"
                >
                  <span>
                    9
                  </span>
                </span>
              </button>
              <button
                class="rdrDay rdrDayWeekend rdrDayStartOfWeek"
                style="color: rgb(61, 145, 255);"
                type="button"
              >
                <span
                  class="rdrDayNumber"
                >
                  <span>
                    10
                  </span>
                </span>
              </button>
              <button
                class="rdrDay"
                style="color: rgb(61, 145, 255);"
                type="button"
              >
                <span
                  class="rdrDayNumber"
                >
                  <span>
                    11
                  </span>
                </span>
              </button>
              <button
                class="rdrDay"
                style="color: rgb(61, 145, 255);"
                type="button"
              >
                <span
                  class="rdrDayNumber"
                >
                  <span>
                    12
                  </span>
                </span>
              </button>
              <button
                class="rdrDay"
                style="color: rgb(61, 145, 255);"
                type="button"
              >
                <span
                  class="rdrDayNumber"
                >
                  <span>
                    13
                  </span>
                </span>
              </button>
              <button
                class="rdrDay"
                style="color: rgb(61, 145, 255);"
                type="button"
              >
                <span
                  class="rdrDayNumber"
                >
                  <span>
                    14
                  </span>
                </span>
              </button>
              <button
                class="rdrDay"
                style="color: rgb(61, 145, 255);"
                type="button"
              >
                <span
                  class="rdrDayNumber"
                >
                  <span>
                    15
                  </span>
                </span>
              </button>
              <button
                class="rdrDay rdrDayWeekend rdrDayEndOfWeek"
                style="color: rgb(61, 145, 255);"
                type="button"
              >
                <span
                  class="rdrDayNumber"
                >
                  <span>
                    16
                  </span>
                </span>
              </button>
              <button
                class="rdrDay rdrDayWeekend rdrDayStartOfWeek"
                style="color: rgb(61, 145, 255);"
                type="button"
              >
                <span
                  class="rdrDayNumber"
                >
                  <span>
                    17
                  </span>
                </span>
              </button>
              <button
                class="rdrDay"
                style="color: rgb(61, 145, 255);"
                type="button"
              >
                <span
                  class="rdrDayNumber"
                >
                  <span>
                    18
                  </span>
                </span>
              </button>
              <button
                class="rdrDay"
                style="color: rgb(61, 145, 255);"
                type="button"
              >
                <span
                  class="rdrDayNumber"
                >
                  <span>
                    19
                  </span>
                </span>
              </button>
              <button
                class="rdrDay"
                style="color: rgb(61, 145, 255);"
                type="button"
              >
                <span
                  class="rdrDayNumber"
                >
                  <span>
                    20
                  </span>
                </span>
              </button>
              <button
                class="rdrDay"
                style="color: rgb(61, 145, 255);"
                type="button"
              >
                <span
                  class="rdrDayNumber"
                >
                  <span>
                    21
                  </span>
                </span>
              </button>
              <button
                class="rdrDay"
                style="color: rgb(61, 145, 255);"
                type="button"
              >
                <span
                  class="rdrDayNumber"
                >
                  <span>
                    22
                  </span>
                </span>
              </button>
              <button
                class="rdrDay rdrDayWeekend rdrDayEndOfWeek"
                style="color: rgb(61, 145, 255);"
                type="button"
              >
                <span
                  class="rdrDayNumber"
                >
                  <span>
                    23
                  </span>
                </span>
              </button>
              <button
                class="rdrDay rdrDayWeekend rdrDayStartOfWeek"
                style="color: rgb(61, 145, 255);"
                type="button"
              >
                <span
                  class="rdrDayNumber"
                >
                  <span>
                    24
                  </span>
                </span>
              </button>
              <button
                class="rdrDay"
                style="color: rgb(61, 145, 255);"
                type="button"
              >
                <span
                  class="rdrDayNumber"
                >
                  <span>
                    25
                  </span>
                </span>
              </button>
              <button
                class="rdrDay"
                style="color: rgb(61, 145, 255);"
                type="button"
              >
                <span
                  class="rdrDayNumber"
                >
                  <span>
                    26
                  </span>
                </span>
              </button>
              <button
                class="rdrDay"
                style="color: rgb(61, 145, 255);"
                type="button"
              >
                <span
                  class="rdrDayNumber"
                >
                  <span>
                    27
                  </span>
                </span>
              </button>
              <button
                class="rdrDay"
                style="color: rgb(61, 145, 255);"
                type="button"
              >
                <span
                  class="rdrDayNumber"
                >
                  <span>
                    28
                  </span>
                </span>
              </button>
              <button
                class="rdrDay"
                style="color: rgb(61, 145, 255);"
                type="button"
              >
                <span
                  class="rdrDayNumber"
                >
                  <span>
                    29
                  </span>
                </span>
              </button>
              <button
                class="rdrDay rdrDayWeekend rdrDayEndOfWeek"
                style="color: rgb(61, 145, 255);"
                type="button"
              >
                <span
                  class="rdrDayNumber"
                >
                  <span>
                    30
                  </span>
                </span>
              </button>
              <button
                class="rdrDay rdrDayWeekend rdrDayStartOfWeek rdrDayEndOfMonth"
                style="color: rgb(61, 145, 255);"
                type="button"
              >
                <span
                  class="rdrDayNumber"
                >
                  <span>
                    31
                  </span>
                </span>
              </button>
              <button
                class="rdrDay rdrDayPassive"
                style="color: rgb(61, 145, 255);"
                tabindex="-1"
                type="button"
              >
                <span
                  class="rdrDayNumber"
                >
                  <span>
                    1
                  </span>
                </span>
              </button>
              <button
                class="rdrDay rdrDayPassive"
                style="color: rgb(61, 145, 255);"
                tabindex="-1"
                type="button"
              >
                <span
                  class="rdrDayNumber"
                >
                  <span>
                    2
                  </span>
                </span>
              </button>
              <button
                class="rdrDay rdrDayPassive"
                style="color: rgb(61, 145, 255);"
                tabindex="-1"
                type="button"
              >
                <span
                  class="rdrDayNumber"
                >
                  <span>
                    3
                  </span>
                </span>
              </button>
              <button
                class="rdrDay rdrDayPassive"
                style="color: rgb(61, 145, 255);"
                tabindex="-1"
                type="button"
              >
                <span
                  class="rdrDayNumber"
                >
                  <span>
                    4
                  </span>
                </span>
              </button>
              <button
                class="rdrDay rdrDayPassive"
                style="color: rgb(61, 145, 255);"
                tabindex="-1"
                type="button"
              >
                <span
                  class="rdrDayNumber"
                >
                  <span>
                    5
                  </span>
                </span>
              </button>
              <button
                class="rdrDay rdrDayPassive rdrDayWeekend rdrDayEndOfWeek"
                style="color: rgb(61, 145, 255);"
                tabindex="-1"
                type="button"
              >
                <span
                  class="rdrDayNumber"
                >
                  <span>
                    6
                  </span>
                </span>
              </button>
            </div>
          </div>
        </div>
      </div>
    </div>
    <div
      class="mt-3"
    >
      <div
        class="text-uppercase text-muted mb-1 legend"
      >
        To:
      </div>
      <button
        aria-label="Open calendar to choose date accepted_to"
        class="btn btn-sm btn-outline-secondary rounded-0 dateBtn"
      >
        Mar 24, 2022
      </button>
      <div
        class="dropdown dropdown-menu tooltipDropdown rounded-0 text-wrap mt-2 p-0"
        role="complementary"
      >
        <div
          class="arrow arrow"
        />
        <div
          class="rdrCalendarWrapper calendar"
        >
          <div
            class="rdrDateDisplayWrapper"
          />
          <div
            class="rdrMonthAndYearWrapper"
          >
            <button
              class="rdrNextPrevButton rdrPprevButton"
              type="button"
            >
              <i />
            </button>
            <span
              class="rdrMonthAndYearPickers"
            >
              <span
                class="rdrMonthPicker"
              >
                <select>
                  <option
                    value="0"
                  >
                    January
                  </option>
                  <option
                    value="1"
                  >
                    February
                  </option>
                  <option
                    value="2"
                  >
                    March
                  </option>
                  <option
                    value="3"
                  >
                    April
                  </option>
                  <option
                    value="4"
                  >
                    May
                  </option>
                  <option
                    value="5"
                  >
                    June
                  </option>
                  <option
                    value="6"
                  >
                    July
                  </option>
                  <option
                    value="7"
                  >
                    August
                  </option>
                  <option
                    value="8"
                  >
                    September
                  </option>
                  <option
                    value="9"
                  >
                    October
                  </option>
                  <option
                    value="10"
                  >
                    November
                  </option>
                  <option
                    value="11"
                  >
                    December
                  </option>
                </select>
              </span>
              <span />
              <span
                class="rdrYearPicker"
              >
                <select>
                  <option
                    value="2022"
                  >
                    2022
                  </option>
                  <option
                    value="2021"
                  >
                    2021
                  </option>
                  <option
                    value="2020"
                  >
                    2020
                  </option>
                  <option
                    value="2019"
                  >
                    2019
                  </option>
                  <option
                    value="2018"
                  >
                    2018
                  </option>
                  <option
                    value="2017"
                  >
                    2017
                  </option>
                  <option
                    value="2016"
                  >
                    2016
                  </option>
                </select>
              </span>
            </span>
            <button
              class="rdrNextPrevButton rdrNextButton"
              type="button"
            >
              <i />
            </button>
          </div>
          <div
            class="rdrMonths rdrMonthsVertical"
          >
            <div
              class="rdrMonth"
            >
              <div
                class="rdrWeekDays"
              >
                <span
                  class="rdrWeekDay"
                >
                  Sun
                </span>
                <span
                  class="rdrWeekDay"
                >
                  Mon
                </span>
                <span
                  class="rdrWeekDay"
                >
                  Tue
                </span>
                <span
                  class="rdrWeekDay"
                >
                  Wed
                </span>
                <span
                  class="rdrWeekDay"
                >
                  Thu
                </span>
                <span
                  class="rdrWeekDay"
                >
                  Fri
                </span>
                <span
                  class="rdrWeekDay"
                >
                  Sat
                </span>
              </div>
              <div
                class="rdrDays"
              >
                <button
                  class="rdrDay rdrDayPassive rdrDayWeekend rdrDayStartOfWeek"
                  style="color: rgb(61, 145, 255);"
                  tabindex="-1"
                  type="button"
                >
                  <span
                    class="rdrDayNumber"
                  >
                    <span>
                      27
                    </span>
                  </span>
                </button>
                <button
                  class="rdrDay rdrDayPassive"
                  style="color: rgb(61, 145, 255);"
                  tabindex="-1"
                  type="button"
                >
                  <span
                    class="rdrDayNumber"
                  >
                    <span>
                      28
                    </span>
                  </span>
                </button>
                <button
                  class="rdrDay rdrDayStartOfMonth"
                  style="color: rgb(61, 145, 255);"
                  type="button"
                >
                  <span
                    class="rdrDayNumber"
                  >
                    <span>
                      1
                    </span>
                  </span>
                </button>
                <button
                  class="rdrDay"
                  style="color: rgb(61, 145, 255);"
                  type="button"
                >
                  <span
                    class="rdrDayNumber"
                  >
                    <span>
                      2
                    </span>
                  </span>
                </button>
                <button
                  class="rdrDay"
                  style="color: rgb(61, 145, 255);"
                  type="button"
                >
                  <span
                    class="rdrDayNumber"
                  >
                    <span>
                      3
                    </span>
                  </span>
                </button>
                <button
                  class="rdrDay"
                  style="color: rgb(61, 145, 255);"
                  type="button"
                >
                  <span
                    class="rdrDayNumber"
                  >
                    <span>
                      4
                    </span>
                  </span>
                </button>
                <button
                  class="rdrDay rdrDayWeekend rdrDayEndOfWeek"
                  style="color: rgb(61, 145, 255);"
                  type="button"
                >
                  <span
                    class="rdrDayNumber"
                  >
                    <span>
                      5
                    </span>
                  </span>
                </button>
                <button
                  class="rdrDay rdrDayWeekend rdrDayStartOfWeek"
                  style="color: rgb(61, 145, 255);"
                  type="button"
                >
                  <span
                    class="rdrDayNumber"
                  >
                    <span>
                      6
                    </span>
                  </span>
                </button>
                <button
                  class="rdrDay"
                  style="color: rgb(61, 145, 255);"
                  type="button"
                >
                  <span
                    class="rdrDayNumber"
                  >
                    <span>
                      7
                    </span>
                  </span>
                </button>
                <button
                  class="rdrDay"
                  style="color: rgb(61, 145, 255);"
                  type="button"
                >
                  <span
                    class="rdrDayNumber"
                  >
                    <span>
                      8
                    </span>
                  </span>
                </button>
                <button
                  class="rdrDay"
                  style="color: rgb(61, 145, 255);"
                  type="button"
                >
                  <span
                    class="rdrDayNumber"
                  >
                    <span>
                      9
                    </span>
                  </span>
                </button>
                <button
                  class="rdrDay"
                  style="color: rgb(61, 145, 255);"
                  type="button"
                >
                  <span
                    class="rdrDayNumber"
                  >
                    <span>
                      10
                    </span>
                  </span>
                </button>
                <button
                  class="rdrDay"
                  style="color: rgb(61, 145, 255);"
                  type="button"
                >
                  <span
                    class="rdrDayNumber"
                  >
                    <span>
                      11
                    </span>
                  </span>
                </button>
                <button
                  class="rdrDay rdrDayWeekend rdrDayEndOfWeek"
                  style="color: rgb(61, 145, 255);"
                  type="button"
                >
                  <span
                    class="rdrDayNumber"
                  >
                    <span>
                      12
                    </span>
                  </span>
                </button>
                <button
                  class="rdrDay rdrDayWeekend rdrDayStartOfWeek"
                  style="color: rgb(61, 145, 255);"
                  type="button"
                >
                  <span
                    class="rdrDayNumber"
                  >
                    <span>
                      13
                    </span>
                  </span>
                </button>
                <button
                  class="rdrDay"
                  style="color: rgb(61, 145, 255);"
                  type="button"
                >
                  <span
                    class="rdrDayNumber"
                  >
                    <span>
                      14
                    </span>
                  </span>
                </button>
                <button
                  class="rdrDay"
                  style="color: rgb(61, 145, 255);"
                  type="button"
                >
                  <span
                    class="rdrDayNumber"
                  >
                    <span>
                      15
                    </span>
                  </span>
                </button>
                <button
                  class="rdrDay"
                  style="color: rgb(61, 145, 255);"
                  type="button"
                >
                  <span
                    class="rdrDayNumber"
                  >
                    <span>
                      16
                    </span>
                  </span>
                </button>
                <button
                  class="rdrDay"
                  style="color: rgb(61, 145, 255);"
                  type="button"
                >
                  <span
                    class="rdrDayNumber"
                  >
                    <span>
                      17
                    </span>
                  </span>
                </button>
                <button
                  class="rdrDay"
                  style="color: rgb(61, 145, 255);"
                  type="button"
                >
                  <span
                    class="rdrDayNumber"
                  >
                    <span>
                      18
                    </span>
                  </span>
                </button>
                <button
                  class="rdrDay rdrDayWeekend rdrDayEndOfWeek"
                  style="color: rgb(61, 145, 255);"
                  type="button"
                >
                  <span
                    class="rdrDayNumber"
                  >
                    <span>
                      19
                    </span>
                  </span>
                </button>
                <button
                  class="rdrDay rdrDayWeekend rdrDayStartOfWeek"
                  style="color: rgb(61, 145, 255);"
                  type="button"
                >
                  <span
                    class="rdrDayNumber"
                  >
                    <span>
                      20
                    </span>
                  </span>
                </button>
                <button
                  class="rdrDay"
                  style="color: rgb(61, 145, 255);"
                  type="button"
                >
                  <span
                    class="rdrDayNumber"
                  >
                    <span>
                      21
                    </span>
                  </span>
                </button>
                <button
                  class="rdrDay"
                  style="color: rgb(61, 145, 255);"
                  type="button"
                >
                  <span
                    class="rdrDayNumber"
                  >
                    <span>
                      22
                    </span>
                  </span>
                </button>
                <button
                  class="rdrDay"
                  style="color: rgb(61, 145, 255);"
                  type="button"
                >
                  <span
                    class="rdrDayNumber"
                  >
                    <span>
                      23
                    </span>
                  </span>
                </button>
                <button
                  class="rdrDay"
                  style="color: rgb(61, 145, 255);"
                  type="button"
                >
                  <span
                    class="rdrSelected"
                    style="color: rgb(61, 145, 255);"
                  />
                  <span
                    class="rdrDayNumber"
                  >
                    <span>
                      24
                    </span>
                  </span>
                </button>
                <button
                  class="rdrDay rdrDayDisabled"
                  style="color: rgb(61, 145, 255);"
                  tabindex="-1"
                  type="button"
                >
                  <span
                    class="rdrDayNumber"
                  >
                    <span>
                      25
                    </span>
                  </span>
                </button>
                <button
                  class="rdrDay rdrDayDisabled rdrDayWeekend rdrDayEndOfWeek"
                  style="color: rgb(61, 145, 255);"
                  tabindex="-1"
                  type="button"
                >
                  <span
                    class="rdrDayNumber"
                  >
                    <span>
                      26
                    </span>
                  </span>
                </button>
                <button
                  class="rdrDay rdrDayDisabled rdrDayWeekend rdrDayStartOfWeek"
                  style="color: rgb(61, 145, 255);"
                  tabindex="-1"
                  type="button"
                >
                  <span
                    class="rdrDayNumber"
                  >
                    <span>
                      27
                    </span>
                  </span>
                </button>
                <button
                  class="rdrDay rdrDayDisabled"
                  style="color: rgb(61, 145, 255);"
                  tabindex="-1"
                  type="button"
                >
                  <span
                    class="rdrDayNumber"
                  >
                    <span>
                      28
                    </span>
                  </span>
                </button>
                <button
                  class="rdrDay rdrDayDisabled"
                  style="color: rgb(61, 145, 255);"
                  tabindex="-1"
                  type="button"
                >
                  <span
                    class="rdrDayNumber"
                  >
                    <span>
                      29
                    </span>
                  </span>
                </button>
                <button
                  class="rdrDay rdrDayDisabled"
                  style="color: rgb(61, 145, 255);"
                  tabindex="-1"
                  type="button"
                >
                  <span
                    class="rdrDayNumber"
                  >
                    <span>
                      30
                    </span>
                  </span>
                </button>
                <button
                  class="rdrDay rdrDayDisabled rdrDayEndOfMonth"
                  style="color: rgb(61, 145, 255);"
                  tabindex="-1"
                  type="button"
                >
                  <span
                    class="rdrDayNumber"
                  >
                    <span>
                      31
                    </span>
                  </span>
                </button>
                <button
                  class="rdrDay rdrDayPassive rdrDayDisabled"
                  style="color: rgb(61, 145, 255);"
                  tabindex="-1"
                  type="button"
                >
                  <span
                    class="rdrDayNumber"
                  >
                    <span>
                      1
                    </span>
                  </span>
                </button>
                <button
                  class="rdrDay rdrDayPassive rdrDayDisabled rdrDayWeekend rdrDayEndOfWeek"
                  style="color: rgb(61, 145, 255);"
                  tabindex="-1"
                  type="button"
                >
                  <span
                    class="rdrDayNumber"
                  >
                    <span>
                      2
                    </span>
                  </span>
                </button>
              </div>
            </div>
          </div>
        </div>
      </div>
    </div>
  </div>
</DocumentFragment>
`;
