// Vitest Snapshot v1, https://vitest.dev/guide/snapshot.html

exports[`Filters > creates snapshot 1`] = `
<DocumentFragment>
  <div
    class="d-flex flex-row align-items-center justify-content-between pb-2 mb-4 border-bottom border-1"
  >
    <div
      class="h6 text-uppercase mb-0 lh-base text-primary fw-bold"
    >
      Filters
    </div>
  </div>
  <div
    class="fw-bold text-uppercase text-primary _categoryTitle_bcd004"
  >
    <small>
      Foundation
    </small>
  </div>
  <div
    class="mt-2"
  >
    <div
      class="form-check me-sm-2 mb-2 undefined"
    >
      <input
        aria-checked="false"
        class="form-check-input rounded-0 Checkbox-module_checkbox__lSeQj"
        id="test-foundation-cdf"
        name="foundation"
        tabindex="0"
        type="checkbox"
        value="cdf"
      />
      <label
        class="form-check-label mw-100"
        data-testid="checkboxLabel"
        for="test-foundation-cdf"
      >
        <div
          class="d-flex align-items-baseline mw-100"
        >
          <span
            class="position-relative _decorator_bcd004"
          />
          <span
            class="text-truncate"
          >
            CDF
          </span>
        </div>
      </label>
    </div>
    <div
      class="form-check me-sm-2 mb-2 undefined"
    >
      <input
        aria-checked="false"
        class="form-check-input rounded-0 Checkbox-module_checkbox__lSeQj"
        id="test-foundation-cncf"
        name="foundation"
        tabindex="0"
        type="checkbox"
        value="cncf"
      />
      <label
        class="form-check-label mw-100"
        data-testid="checkboxLabel"
        for="test-foundation-cncf"
      >
        <div
          class="d-flex align-items-baseline mw-100"
        >
          <span
            class="position-relative _decorator_bcd004"
          />
          <span
            class="text-truncate"
          >
            CNCF
          </span>
        </div>
      </label>
    </div>
    <div
      class="form-check me-sm-2 mb-2 undefined"
    >
      <input
        aria-checked="false"
        class="form-check-input rounded-0 Checkbox-module_checkbox__lSeQj"
        id="test-foundation-lfaidata"
        name="foundation"
        tabindex="0"
        type="checkbox"
        value="lfaidata"
      />
      <label
        class="form-check-label mw-100"
        data-testid="checkboxLabel"
        for="test-foundation-lfaidata"
      >
        <div
          class="d-flex align-items-baseline mw-100"
        >
          <span
            class="position-relative _decorator_bcd004"
          />
          <span
            class="text-truncate"
          >
            LF AI & Data
          </span>
        </div>
      </label>
    </div>
    <div
      class="form-check me-sm-2 mb-2 undefined"
    >
      <input
        aria-checked="false"
        class="form-check-input rounded-0 Checkbox-module_checkbox__lSeQj"
        id="test-foundation-lfnetworking"
        name="foundation"
        tabindex="0"
        type="checkbox"
        value="lfnetworking"
      />
      <label
        class="form-check-label mw-100"
        data-testid="checkboxLabel"
        for="test-foundation-lfnetworking"
      >
        <div
          class="d-flex align-items-baseline mw-100"
        >
          <span
            class="position-relative _decorator_bcd004"
          />
          <span
            class="text-truncate"
          >
            LF Networking
          </span>
        </div>
      </label>
    </div>
  </div>
  <div
    class="fw-bold text-uppercase text-primary _categoryTitle_bcd004"
  >
    <small>
      Rating
    </small>
  </div>
  <div
    class="mt-2"
  >
    <div
      class="form-check me-sm-2 mb-2 undefined"
    >
      <input
        aria-checked="false"
        class="form-check-input rounded-0 Checkbox-module_checkbox__lSeQj"
        id="test-rating-a"
        name="rating"
        tabindex="0"
        type="checkbox"
        value="a"
      />
      <label
        class="form-check-label mw-100"
        data-testid="checkboxLabel"
        for="test-rating-a"
      >
        <div
          class="d-flex align-items-baseline mw-100"
        >
          <span
            class="position-relative _decorator_bcd004"
          >
            <div
              class="me-2 border border-1 rounded-pill position-relative _quality_d52a11 _level1_d52a11 undefined"
              data-testid="quality-dot"
            />
          </span>
          <span
            class="text-truncate"
          >
            A
          </span>
          <small
            class="ps-1"
          >
            [75-100]
          </small>
        </div>
      </label>
    </div>
    <div
      class="form-check me-sm-2 mb-2 undefined"
    >
      <input
        aria-checked="false"
        class="form-check-input rounded-0 Checkbox-module_checkbox__lSeQj"
        id="test-rating-b"
        name="rating"
        tabindex="0"
        type="checkbox"
        value="b"
      />
      <label
        class="form-check-label mw-100"
        data-testid="checkboxLabel"
        for="test-rating-b"
      >
        <div
          class="d-flex align-items-baseline mw-100"
        >
          <span
            class="position-relative _decorator_bcd004"
          >
            <div
              class="me-2 border border-1 rounded-pill position-relative _quality_d52a11 _level2_d52a11 undefined"
              data-testid="quality-dot"
            />
          </span>
          <span
            class="text-truncate"
          >
            B
          </span>
          <small
            class="ps-1"
          >
            [50-74]
          </small>
        </div>
      </label>
    </div>
    <div
      class="form-check me-sm-2 mb-2 undefined"
    >
      <input
        aria-checked="false"
        class="form-check-input rounded-0 Checkbox-module_checkbox__lSeQj"
        id="test-rating-c"
        name="rating"
        tabindex="0"
        type="checkbox"
        value="c"
      />
      <label
        class="form-check-label mw-100"
        data-testid="checkboxLabel"
        for="test-rating-c"
      >
        <div
          class="d-flex align-items-baseline mw-100"
        >
          <span
            class="position-relative _decorator_bcd004"
          >
            <div
              class="me-2 border border-1 rounded-pill position-relative _quality_d52a11 _level3_d52a11 undefined"
              data-testid="quality-dot"
            />
          </span>
          <span
            class="text-truncate"
          >
            C
          </span>
          <small
            class="ps-1"
          >
            [25-49]
          </small>
        </div>
      </label>
    </div>
    <div
      class="form-check me-sm-2 mb-2 undefined"
    >
      <input
        aria-checked="false"
        class="form-check-input rounded-0 Checkbox-module_checkbox__lSeQj"
        id="test-rating-d"
        name="rating"
        tabindex="0"
        type="checkbox"
        value="d"
      />
      <label
        class="form-check-label mw-100"
        data-testid="checkboxLabel"
        for="test-rating-d"
      >
        <div
          class="d-flex align-items-baseline mw-100"
        >
          <span
            class="position-relative _decorator_bcd004"
          >
            <div
              class="me-2 border border-1 rounded-pill position-relative _quality_d52a11 _level4_d52a11 undefined"
              data-testid="quality-dot"
            />
          </span>
          <span
            class="text-truncate"
          >
            D
          </span>
          <small
            class="ps-1"
          >
            [0-24]
          </small>
        </div>
      </label>
    </div>
  </div>
  <div>
    <div
      class="d-flex flex-row align-items-center text-primary _categoryTitle_512c5a"
    >
      <div
        class="fw-bold text-uppercase"
      >
        <small>
          Checks
        </small>
      </div>
    </div>
    <div>
      <button
        aria-label="Open checks modal"
        class="btn btn-outline-secondary btn-sm rounded-0 _btn_512c5a mt-3"
        type="button"
      >
        <span>
          Add checks filters
        </span>
      </button>
    </div>
  </div>
  <div>
    <div>
      <label>
        From:
      </label>
      <span>
        Jan 1, 2016
      </span>
    </div>
    <div>
      <label>
        To:
      </label>
      <span>
        Mar 24, 2022
      </span>
    </div>
    <div>
      <label>
        From:
      </label>
      <span>
        Jan 1, 2016
      </span>
    </div>
    <div>
      <label>
        To:
      </label>
      <span>
        Mar 24, 2022
      </span>
    </div>
  </div>
</DocumentFragment>
`;
