// Jest Snapshot v1, https://goo.gl/fbAQLP

exports[`Filters creates snapshot 1`] = `
<DocumentFragment>
  <div
    class="d-flex flex-row align-items-center justify-content-between pb-2 mb-4 border-bottom"
  >
    <div
      class="h6 text-uppercase mb-0 lh-base text-primary fw-bold"
    >
      Filters
    </div>
  </div>
  <div
    class="fw-bold text-uppercase text-primary categoryTitle"
  >
    <small>
      Foundation
    </small>
  </div>
  <div
    class="mt-2"
  >
    <div
      class="form-check me-sm-2 mb-2 undefined"
    >
      <input
        aria-checked="false"
        class="form-check-input rounded-0 checkbox"
        id="test-foundation-cncf"
        name="foundation"
        tabindex="0"
        type="checkbox"
        value="cncf"
      />
      <label
        class="form-check-label mw-100"
        data-testid="checkboxLabel"
        for="test-foundation-cncf"
      >
        <div
          class="d-flex align-items-baseline mw-100"
        >
          <span
            class="position-relative decorator"
          />
          <span
            class="text-truncate"
          >
            CNCF
          </span>
        </div>
      </label>
    </div>
    <div
      class="form-check me-sm-2 mb-2 undefined"
    >
      <input
        aria-checked="false"
        class="form-check-input rounded-0 checkbox"
        id="test-foundation-lfaidata"
        name="foundation"
        tabindex="0"
        type="checkbox"
        value="lfaidata"
      />
      <label
        class="form-check-label mw-100"
        data-testid="checkboxLabel"
        for="test-foundation-lfaidata"
      >
        <div
          class="d-flex align-items-baseline mw-100"
        >
          <span
            class="position-relative decorator"
          />
          <span
            class="text-truncate"
          >
            LF AI & Data
          </span>
        </div>
      </label>
    </div>
  </div>
  <div
    class="fw-bold text-uppercase text-primary categoryTitle"
  >
    <small>
      Accepted
    </small>
  </div>
  <div
    class="mt-3 mb-5 ms-3 ms-md-2 me-4 me-md-2 me-xxl-5 sliderWrapper"
  >
    <div
      class="rc-slider rc-slider-horizontal rc-slider-with-marks"
    >
      <div
        class="rc-slider-rail"
      />
      <div
        class="rc-slider-track rc-slider-track-1"
        style="left: 0%; width: 100%; background-color: rgb(105, 80, 133);"
      />
      <div
        class="rc-slider-step"
      >
        <span
          class="rc-slider-dot rc-slider-dot-active"
          style="left: 0%; transform: translateX(-50%); border-color: #2a0552;"
        />
        <span
          class="rc-slider-dot rc-slider-dot-active"
          style="left: 16.666666666666664%; transform: translateX(-50%); border-color: #2a0552;"
        />
        <span
          class="rc-slider-dot rc-slider-dot-active"
          style="left: 33.33333333333333%; transform: translateX(-50%); border-color: #2a0552;"
        />
        <span
          class="rc-slider-dot rc-slider-dot-active"
          style="left: 50%; transform: translateX(-50%); border-color: #2a0552;"
        />
        <span
          class="rc-slider-dot rc-slider-dot-active"
          style="left: 66.66666666666666%; transform: translateX(-50%); border-color: #2a0552;"
        />
        <span
          class="rc-slider-dot rc-slider-dot-active"
          style="left: 83.33333333333334%; transform: translateX(-50%); border-color: #2a0552;"
        />
        <span
          class="rc-slider-dot rc-slider-dot-active"
          style="left: 100%; transform: translateX(-50%); border-color: #2a0552;"
        />
      </div>
      <div
        aria-disabled="false"
        aria-valuemax="6"
        aria-valuemin="0"
        aria-valuenow="0"
        class="rc-slider-handle rc-slider-handle-1"
        role="slider"
        style="left: 0%; transform: translateX(-50%); border-color: #2a0552;"
        tabindex="0"
      />
      <div
        aria-disabled="false"
        aria-valuemax="6"
        aria-valuemin="0"
        aria-valuenow="6"
        class="rc-slider-handle rc-slider-handle-2"
        role="slider"
        style="left: 100%; transform: translateX(-50%); border-color: #2a0552;"
        tabindex="0"
      />
      <div
        class="rc-slider-mark"
      >
        <span
          class="rc-slider-mark-text rc-slider-mark-text-active"
          style="left: 0%; transform: translateX(-50%);"
        >
          2016
        </span>
        <span
          class="rc-slider-mark-text rc-slider-mark-text-active"
          style="left: 16.666666666666664%; transform: translateX(-50%);"
        >
          '17
        </span>
        <span
          class="rc-slider-mark-text rc-slider-mark-text-active"
          style="left: 33.33333333333333%; transform: translateX(-50%);"
        >
          '18
        </span>
        <span
          class="rc-slider-mark-text rc-slider-mark-text-active"
          style="left: 50%; transform: translateX(-50%);"
        >
          '19
        </span>
        <span
          class="rc-slider-mark-text rc-slider-mark-text-active"
          style="left: 66.66666666666666%; transform: translateX(-50%);"
        >
          '20
        </span>
        <span
          class="rc-slider-mark-text rc-slider-mark-text-active"
          style="left: 83.33333333333334%; transform: translateX(-50%);"
        >
          '21
        </span>
        <span
          class="rc-slider-mark-text rc-slider-mark-text-active"
          style="left: 100%; transform: translateX(-50%);"
        >
          2022
        </span>
      </div>
    </div>
  </div>
  <div
    class="fw-bold text-uppercase text-primary categoryTitle"
  >
    <small>
      Maturity level
    </small>
  </div>
  <div
    class="mt-2"
  >
    <div
      class="form-check me-sm-2 mb-2 undefined"
    >
      <input
        aria-checked="false"
        class="form-check-input rounded-0 checkbox"
        id="test-maturity-graduated"
        name="maturity"
        tabindex="0"
        type="checkbox"
        value="graduated"
      />
      <label
        class="form-check-label mw-100"
        data-testid="checkboxLabel"
        for="test-maturity-graduated"
      >
        <div
          class="d-flex align-items-baseline mw-100"
        >
          <span
            class="position-relative decorator"
          />
          <span
            class="text-truncate"
          >
            Graduated
          </span>
        </div>
      </label>
    </div>
    <div
      class="form-check me-sm-2 mb-2 undefined"
    >
      <input
        aria-checked="false"
        class="form-check-input rounded-0 checkbox"
        id="test-maturity-incubating"
        name="maturity"
        tabindex="0"
        type="checkbox"
        value="incubating"
      />
      <label
        class="form-check-label mw-100"
        data-testid="checkboxLabel"
        for="test-maturity-incubating"
      >
        <div
          class="d-flex align-items-baseline mw-100"
        >
          <span
            class="position-relative decorator"
          />
          <span
            class="text-truncate"
          >
            Incubating
          </span>
        </div>
      </label>
    </div>
    <div
      class="form-check me-sm-2 mb-2 undefined"
    >
      <input
        aria-checked="false"
        class="form-check-input rounded-0 checkbox"
        id="test-maturity-sandbox"
        name="maturity"
        tabindex="0"
        type="checkbox"
        value="sandbox"
      />
      <label
        class="form-check-label mw-100"
        data-testid="checkboxLabel"
        for="test-maturity-sandbox"
      >
        <div
          class="d-flex align-items-baseline mw-100"
        >
          <span
            class="position-relative decorator"
          />
          <span
            class="text-truncate"
          >
            Sandbox
          </span>
        </div>
      </label>
    </div>
  </div>
  <div
    class="fw-bold text-uppercase text-primary categoryTitle"
  >
    <small>
      Rating
    </small>
  </div>
  <div
    class="mt-2"
  >
    <div
      class="form-check me-sm-2 mb-2 undefined"
    >
      <input
        aria-checked="false"
        class="form-check-input rounded-0 checkbox"
        id="test-rating-a"
        name="rating"
        tabindex="0"
        type="checkbox"
        value="a"
      />
      <label
        class="form-check-label mw-100"
        data-testid="checkboxLabel"
        for="test-rating-a"
      >
        <div
          class="d-flex align-items-baseline mw-100"
        >
          <span
            class="position-relative decorator"
          >
            <div
              class="me-2 border rounded-pill position-relative quality level1 undefined"
              data-testid="quality-dot"
            />
          </span>
          <span
            class="text-truncate"
          >
            A
          </span>
          <small
            class="ps-1"
          >
            [75-100]
          </small>
        </div>
      </label>
    </div>
    <div
      class="form-check me-sm-2 mb-2 undefined"
    >
      <input
        aria-checked="false"
        class="form-check-input rounded-0 checkbox"
        id="test-rating-b"
        name="rating"
        tabindex="0"
        type="checkbox"
        value="b"
      />
      <label
        class="form-check-label mw-100"
        data-testid="checkboxLabel"
        for="test-rating-b"
      >
        <div
          class="d-flex align-items-baseline mw-100"
        >
          <span
            class="position-relative decorator"
          >
            <div
              class="me-2 border rounded-pill position-relative quality level2 undefined"
              data-testid="quality-dot"
            />
          </span>
          <span
            class="text-truncate"
          >
            B
          </span>
          <small
            class="ps-1"
          >
            [50-74]
          </small>
        </div>
      </label>
    </div>
    <div
      class="form-check me-sm-2 mb-2 undefined"
    >
      <input
        aria-checked="false"
        class="form-check-input rounded-0 checkbox"
        id="test-rating-c"
        name="rating"
        tabindex="0"
        type="checkbox"
        value="c"
      />
      <label
        class="form-check-label mw-100"
        data-testid="checkboxLabel"
        for="test-rating-c"
      >
        <div
          class="d-flex align-items-baseline mw-100"
        >
          <span
            class="position-relative decorator"
          >
            <div
              class="me-2 border rounded-pill position-relative quality level3 undefined"
              data-testid="quality-dot"
            />
          </span>
          <span
            class="text-truncate"
          >
            C
          </span>
          <small
            class="ps-1"
          >
            [25-49]
          </small>
        </div>
      </label>
    </div>
    <div
      class="form-check me-sm-2 mb-2 undefined"
    >
      <input
        aria-checked="false"
        class="form-check-input rounded-0 checkbox"
        id="test-rating-d"
        name="rating"
        tabindex="0"
        type="checkbox"
        value="d"
      />
      <label
        class="form-check-label mw-100"
        data-testid="checkboxLabel"
        for="test-rating-d"
      >
        <div
          class="d-flex align-items-baseline mw-100"
        >
          <span
            class="position-relative decorator"
          >
            <div
              class="me-2 border rounded-pill position-relative quality level4 undefined"
              data-testid="quality-dot"
            />
          </span>
          <span
            class="text-truncate"
          >
            D
          </span>
          <small
            class="ps-1"
          >
            [0-24]
          </small>
        </div>
      </label>
    </div>
  </div>
</DocumentFragment>
`;
