// Jest Snapshot v1, https://goo.gl/fbAQLP

exports[`Section creates snapshot 1`] = `
<DocumentFragment>
  <div
    class="fw-bold text-uppercase text-primary categoryTitle"
  >
    <small>
      Maturity level
    </small>
  </div>
  <div
    class="mt-2"
  >
    <div
      class="form-check me-sm-2 mb-2 undefined"
    >
      <input
        aria-checked="false"
        class="form-check-input rounded-0 Checkbox-module_checkbox__lSeQj"
        id="test-maturity-graduated"
        name="maturity"
        tabindex="0"
        type="checkbox"
        value="graduated"
      />
      <label
        class="form-check-label mw-100"
        data-testid="checkboxLabel"
        for="test-maturity-graduated"
      >
        <div
          class="d-flex align-items-baseline mw-100"
        >
          <span
            class="position-relative decorator"
          />
          <span
            class="text-truncate"
          >
            Graduated
          </span>
        </div>
      </label>
    </div>
    <div
      class="form-check me-sm-2 mb-2 undefined"
    >
      <input
        aria-checked="false"
        class="form-check-input rounded-0 Checkbox-module_checkbox__lSeQj"
        id="test-maturity-incubating"
        name="maturity"
        tabindex="0"
        type="checkbox"
        value="incubating"
      />
      <label
        class="form-check-label mw-100"
        data-testid="checkboxLabel"
        for="test-maturity-incubating"
      >
        <div
          class="d-flex align-items-baseline mw-100"
        >
          <span
            class="position-relative decorator"
          />
          <span
            class="text-truncate"
          >
            Incubating
          </span>
        </div>
      </label>
    </div>
    <div
      class="form-check me-sm-2 mb-2 undefined"
    >
      <input
        aria-checked="false"
        class="form-check-input rounded-0 Checkbox-module_checkbox__lSeQj"
        id="test-maturity-sandbox"
        name="maturity"
        tabindex="0"
        type="checkbox"
        value="sandbox"
      />
      <label
        class="form-check-label mw-100"
        data-testid="checkboxLabel"
        for="test-maturity-sandbox"
      >
        <div
          class="d-flex align-items-baseline mw-100"
        >
          <span
            class="position-relative decorator"
          />
          <span
            class="text-truncate"
          >
            Sandbox
          </span>
        </div>
      </label>
    </div>
  </div>
</DocumentFragment>
`;
