// Jest Snapshot v1, https://goo.gl/fbAQLP

exports[`BadgeModal creates snapshot 1`] = `
<DocumentFragment>
  <div>
    <div
      class="modal-backdrop Modal-module_activeBackdrop__FOECF"
      data-testid="modalBackdrop"
    />
    <div
      aria-modal="true"
      class="modal Modal-module_modal__aD7aP Modal-module_active__tFp3m d-block"
      role="dialog"
    >
      <div
        class="modal-dialog modal-lg modal-dialog-centered modal-dialog-scrollable"
      >
        <div
          class="modal-content rounded-0 border border-3 mx-auto Modal-module_content__dWO-B"
        >
          <div
            class="modal-header rounded-0 d-flex flex-row align-items-center Modal-module_header__ILG9i"
          >
            <div
              class="modal-title h5 m-2 flex-grow-1"
            >
              Project badge
            </div>
            <button
              aria-label="Close"
              class="btn-close"
              type="button"
            />
          </div>
          <div
            class="modal-body p-4 h-100 d-flex flex-column"
          >
            <div
              class="my-3"
            >
              <div>
                <ul
                  class="nav nav-tabs Tabs-module_tabs__QzIkz"
                >
                  <li
                    class="nav-item"
                  >
                    <button
                      aria-label="Open tab markdown"
                      class="btn nav-item rounded-0 lightText Tabs-module_btn__Ifkmk active btn-secondary Tabs-module_active__PTNtG"
                    >
                      <span
                        class="d-none d-sm-block"
                      >
                        Markdown
                      </span>
                      <span
                        class="d-block d-sm-none"
                      >
                        Markdown
                      </span>
                    </button>
                  </li>
                  <li
                    class="nav-item"
                  >
                    <button
                      aria-label="Open tab ascii"
                      class="btn nav-item rounded-0 lightText Tabs-module_btn__Ifkmk"
                    >
                      <span
                        class="d-none d-sm-block"
                      >
                        AsciiDoc
                      </span>
                      <span
                        class="d-block d-sm-none"
                      >
                        AsciiDoc
                      </span>
                    </button>
                  </li>
                </ul>
              </div>
              <div
                class="tab-content mt-4"
              >
                <div
                  class="tab-pane fade show active"
                >
                  <div
                    class="mt-2 mb-4"
                  >
                    <img
                      alt="CLOMonitor badge"
                      src="https://img.shields.io/endpoint?url=http://localhost/api/projects/cncf/proj/badge"
                    />
                  </div>
                  <div
                    data-label="Copy badge markdown link to clipboard"
                    data-testid="code"
                  >
                    [![CLOMonitor](https://img.shields.io/endpoint?url=http://localhost/api/projects/cncf/proj/badge)](http://localhost/projects/cncf/proj)
                    <button
                      aria-label="Copy badge markdown link to clipboard"
                      type="button"
                    >
                      Copy badge markdown link to clipboard
                    </button>
                  </div>
                </div>
              </div>
            </div>
          </div>
          <div
            class="modal-footer p-3"
          >
            <button
              aria-label="Close modal"
              class="btn btn-sm rounded-0 btn-secondary text-uppercase"
              type="button"
            >
              <div
                class="d-flex flex-row align-items-center"
              >
                <svg
                  class="me-2"
                  fill="currentColor"
                  height="1em"
                  stroke="currentColor"
                  stroke-width="0"
                  viewBox="0 0 24 24"
                  width="1em"
                  xmlns="http://www.w3.org/2000/svg"
                >
                  <path
                    d="M0 0h24v24H0z"
                    fill="none"
                  />
                  <path
                    d="M19 6.41 17.59 5 12 10.59 6.41 5 5 6.41 10.59 12 5 17.59 6.41 19 12 13.41 17.59 19 19 17.59 13.41 12z"
                  />
                </svg>
                <div>
                  Close
                </div>
              </div>
            </button>
          </div>
        </div>
      </div>
    </div>
  </div>
</DocumentFragment>
`;
