// Jest Snapshot v1, https://goo.gl/fbAQLP

exports[`Category creates snapshot 1`] = `
<DocumentFragment>
  <div
    class="col-6 text-truncate"
  >
    <div
      class="d-flex flex-row align-items-baseline text-muted fw-bold flex-nowrap title"
    >
      <span
        class="text-truncate d-none d-md-inline-block"
      >
        Documentation
      </span>
      <span
        class="d-inline-block d-md-none text-truncate"
      >
        Docs
      </span>
    </div>
    <div
      class="d-flex flex-row bg-white position-relative border overflow-hidden line"
    >
      <div
        class="text-center fw-bold font-monospace value "
      >
        80
      </div>
      <div
        class="flex-grow-1 w-100 position-relative"
      >
        <div
          class="position-absolute top-0 start-0 bottom-0"
          data-testid="line"
          style="width: calc(80% - 5px);"
        >
          <div
            class="position-absolute arrow "
            data-testid="peak"
          />
        </div>
      </div>
    </div>
  </div>
</DocumentFragment>
`;
