// Jest Snapshot v1, https://goo.gl/fbAQLP

exports[`FoundationBadge creates snapshot 1`] = `
<DocumentFragment>
  <div
    class="badge text-light extraLightText rounded-0 position-relative badge blueBadge undefined"
    data-testid="foundation-badge"
  >
    <div
      class="d-flex flex-row align-items-center text-uppercase"
    >
      CNCF
    </div>
  </div>
</DocumentFragment>
`;
