// Jest Snapshot v1, https://goo.gl/fbAQLP

exports[`Navbar creates snapshot 1`] = `
<DocumentFragment>
  <nav
    class="navbar navbar"
  >
    <div
      class="container-lg"
    >
      <div
        class="d-flex flex-column flex-md-row align-items-center justify-content-between w-100"
      >
        <div
          class="me-0 me-md-4 mt-2 mt-md-0 w-100"
        >
          <div
            class="d-flex flex-row align-items-start w-100"
          >
            <a
              class="cursorPointer"
              href="/"
            >
              <img
                alt="CLOMonitor logo"
                class="logo"
                src=""
              />
            </a>
            <div
              class="ms-1 badge rounded-0 text-uppercase badge alphaBadge"
            >
              Alpha
            </div>
            <div
              class="d-flex d-md-none ms-auto position-relative"
            >
              <button
                aria-expanded="false"
                aria-label="Mobile settings button"
                class="btn btn-sm btn-primary text-white rounded-0 lh-1 ms-3 btn"
                type="button"
              >
                <svg
                  fill="currentColor"
                  height="1em"
                  stroke="currentColor"
                  stroke-width="0"
                  viewBox="0 0 20 20"
                  width="1em"
                  xmlns="http://www.w3.org/2000/svg"
                >
                  <path
                    d="M10 6a2 2 0 110-4 2 2 0 010 4zM10 12a2 2 0 110-4 2 2 0 010 4zM10 18a2 2 0 110-4 2 2 0 010 4z"
                  />
                </svg>
              </button>
              <div
                class="dropdown-menu rounded-0 dropdown"
                role="menu"
              >
                <div
                  class="px-3 py-2 lightText text-secondary text-uppercase fw-bold"
                >
                  Theme
                </div>
                <div
                  class="dropdown-item"
                >
                  <div
                    class="form-check"
                  >
                    <input
                      aria-checked="true"
                      checked=""
                      class="form-check-input input"
                      id="theme-light"
                      name="light"
                      tabindex="-1"
                      type="radio"
                      value="light"
                    />
                    <label
                      class="form-check-label fw-bold w-100 label"
                      for="theme-light"
                    >
                      <svg
                        class="mx-1 position-relative icon"
                        fill="none"
                        height="1em"
                        stroke="currentColor"
                        stroke-linecap="round"
                        stroke-linejoin="round"
                        stroke-width="2"
                        viewBox="0 0 24 24"
                        width="1em"
                        xmlns="http://www.w3.org/2000/svg"
                      >
                        <circle
                          cx="12"
                          cy="12"
                          r="5"
                        />
                        <line
                          x1="12"
                          x2="12"
                          y1="1"
                          y2="3"
                        />
                        <line
                          x1="12"
                          x2="12"
                          y1="21"
                          y2="23"
                        />
                        <line
                          x1="4.22"
                          x2="5.64"
                          y1="4.22"
                          y2="5.64"
                        />
                        <line
                          x1="18.36"
                          x2="19.78"
                          y1="18.36"
                          y2="19.78"
                        />
                        <line
                          x1="1"
                          x2="3"
                          y1="12"
                          y2="12"
                        />
                        <line
                          x1="21"
                          x2="23"
                          y1="12"
                          y2="12"
                        />
                        <line
                          x1="4.22"
                          x2="5.64"
                          y1="19.78"
                          y2="18.36"
                        />
                        <line
                          x1="18.36"
                          x2="19.78"
                          y1="5.64"
                          y2="4.22"
                        />
                      </svg>
                      Light
                    </label>
                  </div>
                </div>
                <div
                  class="dropdown-item"
                >
                  <div
                    class="form-check"
                  >
                    <input
                      aria-checked="false"
                      class="form-check-input input"
                      id="theme-dark"
                      name="dark"
                      tabindex="-1"
                      type="radio"
                      value="dark"
                    />
                    <label
                      class="form-check-label fw-bold w-100 label"
                      for="theme-dark"
                    >
                      <svg
                        class="mx-1 position-relative icon"
                        fill="none"
                        height="1em"
                        stroke="currentColor"
                        stroke-linecap="round"
                        stroke-linejoin="round"
                        stroke-width="2"
                        viewBox="0 0 24 24"
                        width="1em"
                        xmlns="http://www.w3.org/2000/svg"
                      >
                        <path
                          d="M21 12.79A9 9 0 1 1 11.21 3 7 7 0 0 0 21 12.79z"
                        />
                      </svg>
                      Dark
                    </label>
                  </div>
                </div>
                <hr />
                <div
                  class="dropdown-item mb-2"
                >
                  <a
                    class="text-decoration-none fw-bold d-inline-block w-100"
                    href="/stats"
                  >
                    <div
                      class="d-flex flex-row align-items-center py-1"
                    >
                      <svg
                        fill="currentColor"
                        height="1em"
                        stroke="currentColor"
                        stroke-width="0"
                        viewBox="0 0 544 512"
                        width="1em"
                        xmlns="http://www.w3.org/2000/svg"
                      >
                        <path
                          d="M527.79 288H290.5l158.03 158.03c6.04 6.04 15.98 6.53 22.19.68 38.7-36.46 65.32-85.61 73.13-140.86 1.34-9.46-6.51-17.85-16.06-17.85zm-15.83-64.8C503.72 103.74 408.26 8.28 288.8.04 279.68-.59 272 7.1 272 16.24V240h223.77c9.14 0 16.82-7.68 16.19-16.8zM224 288V50.71c0-9.55-8.39-17.4-17.84-16.06C86.99 51.49-4.1 155.6.14 280.37 4.5 408.51 114.83 513.59 243.03 511.98c50.4-.63 96.97-16.87 135.26-44.03 7.9-5.6 8.42-17.23 1.57-24.08L224 288z"
                        />
                      </svg>
                      <div
                        class="ms-2"
                      >
                        Statistics
                      </div>
                    </div>
                  </a>
                </div>
              </div>
            </div>
          </div>
        </div>
        <div
          class="position-relative my-3 w-100"
        >
          <div
            class="d-flex align-items-center overflow-hidden searchBar lh-base bg-white mx-auto searchBar search"
          >
            <input
              autocapitalize="none"
              autocomplete="off"
              autocorrect="off"
              class="flex-grow-1 ps-2 ps-md-3 border-0 shadow-none bg-transparent lh-base input"
              data-testid="search-bar"
              placeholder="Search projects"
              spellcheck="false"
              type="text"
              value=""
            />
            <button
              aria-label="Search text"
              class="btn btn-link lh-1 px-2 btnIcon"
            >
              <div
                class="iconWrapper lightIcon"
              >
                <svg
                  fill="none"
                  height="1em"
                  stroke="currentColor"
                  stroke-linecap="round"
                  stroke-linejoin="round"
                  stroke-width="2"
                  viewBox="0 0 24 24"
                  width="1em"
                  xmlns="http://www.w3.org/2000/svg"
                >
                  <circle
                    cx="11"
                    cy="11"
                    r="8"
                  />
                  <line
                    x1="21"
                    x2="16.65"
                    y1="21"
                    y2="16.65"
                  />
                </svg>
              </div>
            </button>
          </div>
        </div>
        <div
          class="d-none d-md-flex flex-row align-items-center ms-auto searchWrapper"
        >
          <a
            class="position-relative ms-3 text-light text-uppercase fw-bold text-decoration-none link navbarLink"
            href="/stats"
          >
            Stats
          </a>
          <div
            class="form-check form-switch ms-4 position-relative d-none d-sm-block cursorPointer"
          >
            <div>
              <svg
                class="text-light position-absolute sunIcon"
                data-testid="sun-icon"
                fill="none"
                height="1em"
                stroke="currentColor"
                stroke-width="0"
                viewBox="0 0 24 24"
                width="1em"
                xmlns="http://www.w3.org/2000/svg"
              >
                <path
                  clip-rule="evenodd"
                  d="M12 16C14.2091 16 16 14.2091 16 12C16 9.79086 14.2091 8 12 8C9.79086 8 8 9.79086 8 12C8 14.2091 9.79086 16 12 16ZM12 18C15.3137 18 18 15.3137 18 12C18 8.68629 15.3137 6 12 6C8.68629 6 6 8.68629 6 12C6 15.3137 8.68629 18 12 18Z"
                  fill="currentColor"
                  fill-rule="evenodd"
                />
                <path
                  clip-rule="evenodd"
                  d="M11 0H13V4.06189C12.6724 4.02104 12.3387 4 12 4C11.6613 4 11.3276 4.02104 11 4.06189V0ZM7.0943 5.68018L4.22173 2.80761L2.80752 4.22183L5.6801 7.09441C6.09071 6.56618 6.56608 6.0908 7.0943 5.68018ZM4.06189 11H0V13H4.06189C4.02104 12.6724 4 12.3387 4 12C4 11.6613 4.02104 11.3276 4.06189 11ZM5.6801 16.9056L2.80751 19.7782L4.22173 21.1924L7.0943 18.3198C6.56608 17.9092 6.09071 17.4338 5.6801 16.9056ZM11 19.9381V24H13V19.9381C12.6724 19.979 12.3387 20 12 20C11.6613 20 11.3276 19.979 11 19.9381ZM16.9056 18.3199L19.7781 21.1924L21.1923 19.7782L18.3198 16.9057C17.9092 17.4339 17.4338 17.9093 16.9056 18.3199ZM19.9381 13H24V11H19.9381C19.979 11.3276 20 11.6613 20 12C20 12.3387 19.979 12.6724 19.9381 13ZM18.3198 7.0943L21.1923 4.22183L19.7781 2.80762L16.9056 5.6801C17.4338 6.09071 17.9092 6.56608 18.3198 7.0943Z"
                  fill="currentColor"
                  fill-rule="evenodd"
                />
              </svg>
            </div>
            <input
              checked=""
              class="form-check-input cursorPointer themeSwitch"
              id="theme"
              role="switch"
              type="checkbox"
            />
          </div>
        </div>
      </div>
    </div>
  </nav>
</DocumentFragment>
`;
