// Jest Snapshot v1, https://goo.gl/fbAQLP

exports[`Searchbar creates snapshot 1`] = `
<DocumentFragment>
  <div
    class="position-relative undefined"
  >
    <div
      class="d-flex align-items-center overflow-hidden searchBar lh-base bg-white mx-auto searchBar search"
    >
      <input
        autocapitalize="none"
        autocomplete="off"
        autocorrect="off"
        class="flex-grow-1 ps-2 ps-md-3 border-0 shadow-none bg-transparent lh-base input"
        data-testid="search-bar"
        placeholder="Search projects"
        spellcheck="false"
        type="text"
        value=""
      />
      <button
        aria-label="Search text"
        class="btn btn-link lh-1 px-2 btnIcon"
      >
        <div
          class="iconWrapper lightIcon"
        >
          <svg
            fill="none"
            height="1em"
            stroke="currentColor"
            stroke-linecap="round"
            stroke-linejoin="round"
            stroke-width="2"
            viewBox="0 0 24 24"
            width="1em"
            xmlns="http://www.w3.org/2000/svg"
          >
            <circle
              cx="11"
              cy="11"
              r="8"
            />
            <line
              x1="21"
              x2="16.65"
              y1="21"
              y2="16.65"
            />
          </svg>
        </div>
      </button>
    </div>
  </div>
</DocumentFragment>
`;
