// Jest Snapshot v1, https://goo.gl/fbAQLP

exports[`Timeline creates snapshot 1`] = `
<DocumentFragment>
  <div
    class="d-none d-sm-flex undefined"
  >
    <div>
      <div
        class="d-flex flex-column text-center border"
      >
        <div
          class="mt-2 pb-3 fs-4"
        >
          <svg
            fill="currentColor"
            height="1em"
            stroke="currentColor"
            stroke-width="0"
            viewBox="0 0 24 24"
            width="1em"
            xmlns="http://www.w3.org/2000/svg"
          >
            <g>
              <path
                d="M0 0H24V24H0z"
                fill="none"
              />
              <path
                d="M12 2c5.523 0 10 4.477 10 10s-4.477 10-10 10S2 17.523 2 12h2c0 4.418 3.582 8 8 8s8-3.582 8-8-3.582-8-8-8C9.536 4 7.332 5.114 5.865 6.865L8 9H2V3l2.447 2.446C6.28 3.336 8.984 2 12 2zm1 5v4.585l3.243 3.243-1.415 1.415L11 12.413V7h2z"
              />
            </g>
          </svg>
        </div>
        <div
          class="d-flex flex-column text-center"
        >
          <div
            class="mb-3"
          >
            <div
              class="fw-bold w-100 border-top border-bottom px-1 mb-3 year"
            >
              2022
            </div>
            <div
              class="position-relative mt-3 mb-2 fw-bold text-uppercase month"
            >
              Oct
            </div>
            <div
              class="d-flex flex-column align-items-center"
            >
              <button
                aria-label="Opens snapshot: 29th Oct '22"
                class="position-relative btn btn-link text-decoration-none text-center text-muted rounded-circle my-1 p-0 dot activeDot"
                disabled=""
              >
                <div
                  class="content"
                >
                  29
                </div>
              </button>
              <button
                aria-label="Opens snapshot: 28th Oct '22"
                class="position-relative btn btn-link text-decoration-none text-center text-muted rounded-circle my-1 p-0 dot"
              >
                <div
                  class="content"
                >
                  28
                </div>
              </button>
              <button
                aria-label="Opens snapshot: 27th Oct '22"
                class="position-relative btn btn-link text-decoration-none text-center text-muted rounded-circle my-1 p-0 dot"
              >
                <div
                  class="content"
                >
                  27
                </div>
              </button>
              <button
                aria-label="Opens snapshot: 26th Oct '22"
                class="position-relative btn btn-link text-decoration-none text-center text-muted rounded-circle my-1 p-0 dot"
              >
                <div
                  class="content"
                >
                  26
                </div>
              </button>
            </div>
            <div
              class="position-relative mt-3 mb-2 fw-bold text-uppercase month"
            >
              Sep
            </div>
            <div
              class="d-flex flex-column align-items-center"
            >
              <button
                aria-label="Opens snapshot: 10th Sep '22"
                class="position-relative btn btn-link text-decoration-none text-center text-muted rounded-circle my-1 p-0 dot"
              >
                <div
                  class="content"
                >
                  10
                </div>
              </button>
            </div>
            <div
              class="position-relative mt-3 mb-2 fw-bold text-uppercase month"
            >
              Aug
            </div>
            <div
              class="d-flex flex-column align-items-center"
            >
              <button
                aria-label="Opens snapshot: 7th Aug '22"
                class="position-relative btn btn-link text-decoration-none text-center text-muted rounded-circle my-1 p-0 dot"
              >
                <div
                  class="content"
                >
                  7
                </div>
              </button>
            </div>
          </div>
          <div
            class="mb-3"
          >
            <div
              class="fw-bold w-100 border-top border-bottom px-1 mb-3 year"
            >
              2021
            </div>
            <div
              class="position-relative mt-3 mb-2 fw-bold text-uppercase month"
            >
              Apr
            </div>
            <div
              class="d-flex flex-column align-items-center"
            >
              <button
                aria-label="Opens snapshot: 18th Apr '21"
                class="position-relative btn btn-link text-decoration-none text-center text-muted rounded-circle my-1 p-0 dot"
              >
                <div
                  class="content"
                >
                  18
                </div>
              </button>
            </div>
          </div>
          <div
            class="mb-3"
          >
            <div
              class="fw-bold w-100 border-top border-bottom px-1 mb-3 year"
            >
              2020
            </div>
            <div
              class="position-relative mt-3 mb-2 fw-bold text-uppercase month"
            >
              Mar
            </div>
            <div
              class="d-flex flex-column align-items-center"
            >
              <button
                aria-label="Opens snapshot: 9th Mar '20"
                class="position-relative btn btn-link text-decoration-none text-center text-muted rounded-circle my-1 p-0 dot"
              >
                <div
                  class="content"
                >
                  9
                </div>
              </button>
            </div>
          </div>
        </div>
      </div>
    </div>
  </div>
</DocumentFragment>
`;
